******************************************************************************
            TI ARM Clang Linker PC v2.1.3                      
******************************************************************************
>> Linked Wed Aug 30 09:44:20 2023

OUTPUT FILE NAME:   <ns_coap_node_LP_CC1352P7_1_tirtos7_ticlang.out>
ENTRY POINT SYMBOL: "ResetISR"  address: 0004ce7b


MEMORY CONFIGURATION

         name            origin    length      used     unused   attr    fill
----------------------  --------  ---------  --------  --------  ----  --------
  FLASH                 00000000   000ae000  000514cc  0005cb34  R  X
  FLASH_LAST            000ae000   00002000  00002000  00000000  R  X
  SRAM                  20000000   00024000  0000e4d6  00015b2a  RW X


SEGMENT ALLOCATION MAP

run origin  load origin   length   init length attrs members
----------  ----------- ---------- ----------- ----- -------
00000000    00000000    0004d070   0004d070    r-x
  00000000    00000000    0000003c   0000003c    r-- .resetVecs
  00000040    00000040    00004d08   00004d08    r-- .rodata
  00004d48    00004d48    00048328   00048328    r-x .text.1
0004d070    0004d070    00000008   00000008    rw-
  0004d070    0004d070    00000008   00000008    rw- .args
0004d078    0004d078    00000458   00000458    r--
  0004d078    0004d078    00000458   00000458    r-- .cinit
000a8000    000a8000    00004000   00000000    rw-
  000a8000    000a8000    00004000   00000000    rw- .TI.bound:flashBuf0
000ae000    000ae000    00002000   00002000    r-x
  000ae000    000ae000    00001fa8   00001fa8    r-x .text.2
  000affa8    000affa8    00000058   00000058    r-- .ccfg
20000000    20000000    00001810   00000000    rw-
  20000000    20000000    00001810   00000000    rw- .bss.1
20001810    20001810    00000010   00000000    rw-
  20001810    20001810    00000010   00000000    rw- .TI.bound:dmaUart0RxControlTableEntry
20001820    20001820    0000b29e   00000000    rw-
  20001820    20001820    00000010   00000000    rw- .TI.bound:dmaUart0TxControlTableEntry
  20001830    20001830    0000b28e   00000000    rw- .bss.2
2000cb00    2000cb00    0000126e   00000000    rw-
  2000cb00    2000cb00    0000126e   00000000    rw- .data
2000de00    2000de00    000000d8   00000000    rw-
  2000de00    2000de00    000000d8   00000000    rw- .ramVecs
200239c0    200239c0    00000640   00000000    rw-
  200239c0    200239c0    00000640   00000000    rw- .stack


SECTION ALLOCATION MAP

 output                                  attributes/
section   page    origin      length       input sections
--------  ----  ----------  ----------   ----------------
.resetVecs 
*          0    00000000    0000003c     
                  00000000    0000003c     ti_sysbios_config.o (.resetVecs)

.rodata    0    00000040    00004d08     
                  00000040    000007ec     wisun_coap_mbed_ns_tls_lib_cc13x2x7_tirtos7.a : x509_crt.o (.rodata.str1.1)
                  0000082c    0000078e                                                   : oid.o (.rodata.str1.1)
                  00000fba    000005f4     ti_sysbios_config.o (.rodata.str1.1)
                  000015ae    0000046b     application.o (.rodata.str1.1)
                  00001a19    000002f9     wisun_coap_mbed_ns_tls_lib_cc13x2x7_tirtos7.a : ssl_ciphersuites.o (.rodata.str1.1)
                  00001d12    00000001     ti_drivers_config.o (.rodata.GPIO_pinLowerBound)
                  00001d13    00000001     ti_drivers_config.o (.rodata.GPIO_pinUpperBound)
                  00001d14    000002e0     wisun_coap_mbed_ns_tls_lib_cc13x2x7_tirtos7.a : ssl_ciphersuites.o (.rodata.ciphersuite_definitions)
                  00001ff4    000002e0     rf_multiMode_cc13x2.a : rf_patch_cpe_prop.c.cc13x2.ticlang.o (.rodata.patchImageProp)
                  000022d4    00000282     wisun_coap_mbed_ns_tls_lib_cc13x2x7_tirtos7.a : ipv6_routing_table.o (.rodata.str1.1)
                  00002556    00000237     wisun_tasklet.o (.rodata.WISUN_CLIENT_CERTIFICATE)
                  0000278d    000001e1     wisun_tasklet.o (.rodata.WISUN_ROOT_CERTIFICATE)
                  0000296e    00000164     wisun_coap_mbed_ns_tls_lib_cc13x2x7_tirtos7.a : rpl_upward.o (.rodata.str1.1)
                  00002ad2    0000012d                                                   : x509_crl.o (.rodata.str1.1)
                  00002bff    0000012c     mac_cfg.o (.rodata.FH_PibTbl)
                  00002d2b    00000113     maclib_secure_cc13x2x7_tirtos7.a : fh_global.o (.rodata.FH_stateMatrix)
                  00002e3e    00000001     ti_drivers_config.o (.rodata.NVS_count)
                  00002e3f    00000001     ti_drivers_config.o (.rodata.aescbcCC26XXHWAttrs)
                  00002e40    00000101     libc.a : aeabi_ctype.S.obj (.rodata)
                  00002f41    00000003     wisun_coap_mbed_ns_tls_lib_cc13x2x7_tirtos7.a : kde_helper.o (.rodata.ieee_802_11_oui)
                  00002f44    00000100                                                   : sha256.o (.rodata.K)
                  00003044    00000100     crc.o (.rodata.crc_table)
                  00003144    000000f8     mac_cfg.o (.rodata.macPibTbl)
                  0000323c    000000f0     wisun_coap_mbed_ns_tls_lib_cc13x2x7_tirtos7.a : cipher_wrap.o (.rodata.str1.1)
                  0000332c    000000e7     wisun_tasklet.o (.rodata.WISUN_CLIENT_KEY)
                  00003413    00000001     ti_drivers_config.o (.rodata.aesccmCC26XXHWAttrs)
                  00003414    000000a8     wisun_coap_mbed_ns_tls_lib_cc13x2x7_tirtos7.a : cipher_wrap.o (.rodata.mbedtls_cipher_definitions)
                  000034bc    000000a6                                                   : pkparse.o (.rodata.str1.1)
                  00003562    00000001     ti_drivers_config.o (.rodata.aesecbCC26XXHWAttrs)
                  00003563    00000001     --HOLE-- [fill = 0]
                  00003564    000000a0     mac_cfg.o (.rodata.macMRFSKStdPhyTable)
                  00003604    0000009e     ns_hal_init.o (.rodata.str1.1)
                  000036a2    00000094     ti_sysbios_config.o (.rodata.ti_sysbios_family_arm_m3_Hwi_excHandlerMin.err)
                  00003736    00000002     --HOLE-- [fill = 0]
                  00003738    00000090     wisun_coap_mbed_ns_tls_lib_cc13x2x7_tirtos7.a : ws_cfg_settings.o (.rodata.cfg_cb)
                  000037c8    0000008c     mac_cfg.o (.rodata.FHPIB_defaults)
                  00003854    0000008c     wisun_coap_mbed_ns_tls_lib_cc13x2x7_tirtos7.a : oid.o (.rodata.oid_x509_ext)
                  000038e0    00000089     ti_sysbios_config.o (.rodata.ti_sysbios_family_arm_m3_Hwi_Instance_init.err.1)
                  00003969    00000089     ti_sysbios_config.o (.rodata.ti_sysbios_family_arm_m3_Hwi_excHandlerMin.err.2)
                  000039f2    00000089     ti_sysbios_config.o (.rodata.ti_sysbios_runtime_Memory_alloc.err)
                  00003a7b    00000001     --HOLE-- [fill = 0]
                  00003a7c    00000088     mac_cfg.o (.rodata.macPibDefaults)
                  00003b04    00000086     ti_sysbios_config.o (.rodata.ti_sysbios_family_arm_m3_Hwi_Instance_init.err)
                  00003b8a    00000080     wisun_coap_mbed_ns_tls_lib_cc13x2x7_tirtos7.a : base64.o (.rodata.base64_dec_map)
                  00003c0a    00000006                                                   : ns_address_internal.o (.rodata..Lswitch.table.addr_len_from_type)
                  00003c10    00000080                                                   : gcm.o (.rodata.last4)
                  00003c90    00000077     ns_trace.o (.rodata.str1.1)
                  00003d07    00000001     --HOLE-- [fill = 0]
                  00003d08    0000006c     mac_user_config.o (.rodata.macRfDriverTable)
                  00003d74    00000064     wisun_coap_mbed_ns_tls_lib_cc13x2x7_tirtos7.a : ssl_tls.o (.rodata.str1.1)
                  00003dd8    0000005c                                                   : ipv6_routing_table.o (.rodata.route_src_names)
                  00003e34    00000058     mac_cfg.o (.rodata.macSecurityPibTbl)
                  00003e8c    00000054     drivers_cc13x2x7.a : PowerCC26X2.c.obj (.rodata.resourceDB)
                  00003ee0    00000050     wisun_coap_mbed_ns_tls_lib_cc13x2x7_tirtos7.a : oid.o (.rodata.oid_pk_alg)
                  00003f30    00000050                                                   : oid.o (.rodata.oid_sig_alg)
                  00003f80    00000046                                                   : ws_pae_nvm_store.o (.rodata.str1.1)
                  00003fc6    00000045     libc.a : aeabi_portable.c.obj (.rodata.str1.1)
                  0000400b    00000041     wisun_coap_mbed_ns_tls_lib_cc13x2x7_tirtos7.a : rpl_control.o (.rodata.str1.1)
                  0000404c    00000040     mac_user_config.o (.rodata.macCryptoDriverTable)
                  0000408c    00000040     maclib_secure_cc13x2x7_tirtos7.a : hmac_global.o (.rodata.macTimerRolloverValue)
                  000040cc    0000003e     wisun_coap_mbed_ns_tls_lib_cc13x2x7_tirtos7.a : ecp_curves.o (.rodata.str1.1)
                  0000410a    00000036                                                   : rpl_downward.o (.rodata.str1.1)
                  00004140    00000030     ti_radio_config.o (.rodata.RF_cmdPropRadioDivSetup_2gfsk50kbps25dev915wsun1b)
                  00004170    00000030     ti_radio_config.o (.rodata.RF_cmdPropRxAdv_2gfsk50kbps154g)
                  000041a0    00000030     wisun_coap_mbed_ns_tls_lib_cc13x2x7_tirtos7.a : pk_wrap.o (.rodata.mbedtls_ecdsa_info)
                  000041d0    00000030                                                   : pk_wrap.o (.rodata.mbedtls_eckey_info)
                  00004200    00000030                                                   : pk_wrap.o (.rodata.mbedtls_eckeydh_info)
                  00004230    00000028     drivers_cc13x2x7.a : NVSCC26XX.c.obj (.rodata.NVSCC26XX_fxnTable)
                  00004258    00000028     wisun_coap_mbed_ns_tls_lib_cc13x2x7_tirtos7.a : oid.o (.rodata.oid_ecp_grp)
                  00004280    00000027                                                   : sec_prot_lib.o (.rodata.str1.4)
                  000042a7    00000026                                                   : tls_sec_prot_lib.o (.rodata.str1.1)
                  000042cd    00000003                                                   : kde_helper.o (.rodata.wisun_oui)
                  000042d0    00000024                                                   : ssl_ciphersuites.o (.rodata..Lswitch.table.mbedtls_ssl_ciphersuite_uses_ec)
                  000042f4    00000024     ti_sysbios_config.o (.rodata.ti_sysbios_knl_Task_Params_default)
                  00004318    00000022     libc.a : _printfi.c.obj (.rodata.str1.1)
                  0000433a    00000002     --HOLE-- [fill = 0]
                  0000433c    00000020     mac_user_config.o (.rodata..L__const.rfSelect.RfCfg)
                  0000435c    00000020     ti_radio_config.o (.rodata.RF_cmdPropTxAdv_2gfsk50kbps154g)
                  0000437c    00000020     maclib_secure_cc13x2x7_tirtos7.a : mac_radio.o (.rodata.activityObject)
                  0000439c    00000020     wisun_coap_mbed_ns_tls_lib_cc13x2x7_tirtos7.a : cipher_wrap.o (.rodata.aes_info)
                  000043bc    00000020                                                   : cipher_wrap.o (.rodata.ccm_aes_info)
                  000043dc    00000020                                                   : cipher_wrap.o (.rodata.chacha20_base_info)
                  000043fc    00000020                                                   : cipher_wrap.o (.rodata.chachapoly_base_info)
                  0000441c    00000020     rf_multiMode_cc13x2.a : RFCC26X2_multiMode.c.cc13x2.ticlang.o (.rodata.cst32)
                  0000443c    00000020     wisun_coap_mbed_ns_tls_lib_cc13x2x7_tirtos7.a : cipher_wrap.o (.rodata.gcm_aes_info)
                  0000445c    00000020                                                   : cipher_wrap.o (.rodata.kw_aes_info)
                  0000447c    00000020                                                   : ecp_curves.o (.rodata.secp256r1_b)
                  0000449c    00000020                                                   : ecp_curves.o (.rodata.secp256r1_gx)
                  000044bc    00000020                                                   : ecp_curves.o (.rodata.secp256r1_gy)
                  000044dc    00000020                                                   : ecp_curves.o (.rodata.secp256r1_n)
                  000044fc    00000020                                                   : ecp_curves.o (.rodata.secp256r1_p)
                  0000451c    0000001e                                                   : ws_pae_controller.o (.rodata.str1.1)
                  0000453a    00000002     --HOLE-- [fill = 0]
                  0000453c    0000001c                                                   : mac_helper.o (.rodata..Lswitch.table.mac_helper_frame_overhead)
                  00004558    0000001c                                                   : ws_common.o (.rodata..Lswitch.table.ws_decode_channel_spacing)
                  00004574    0000001c     ti_radio_config.o (.rodata.RF_cmdPropCs_2gfsk50kbps154g)
                  00004590    0000001c     wisun_coap_mbed_ns_tls_lib_cc13x2x7_tirtos7.a : cipher_wrap.o (.rodata.aes_128_cbc_info)
                  000045ac    0000001c                                                   : cipher_wrap.o (.rodata.aes_128_ccm_info)
                  000045c8    0000001c                                                   : cipher_wrap.o (.rodata.aes_128_ecb_info)
                  000045e4    0000001c                                                   : cipher_wrap.o (.rodata.aes_128_gcm_info)
                  00004600    0000001c                                                   : cipher_wrap.o (.rodata.aes_128_nist_kw_info)
                  0000461c    0000001c                                                   : cipher_wrap.o (.rodata.aes_128_nist_kwp_info)
                  00004638    0000001c                                                   : cipher_wrap.o (.rodata.aes_192_cbc_info)
                  00004654    0000001c                                                   : cipher_wrap.o (.rodata.aes_192_ccm_info)
                  00004670    0000001c                                                   : cipher_wrap.o (.rodata.aes_192_ecb_info)
                  0000468c    0000001c                                                   : cipher_wrap.o (.rodata.aes_192_gcm_info)
                  000046a8    0000001c                                                   : cipher_wrap.o (.rodata.aes_192_nist_kw_info)
                  000046c4    0000001c                                                   : cipher_wrap.o (.rodata.aes_192_nist_kwp_info)
                  000046e0    0000001c                                                   : cipher_wrap.o (.rodata.aes_256_cbc_info)
                  000046fc    0000001c                                                   : cipher_wrap.o (.rodata.aes_256_ccm_info)
                  00004718    0000001c                                                   : cipher_wrap.o (.rodata.aes_256_ecb_info)
                  00004734    0000001c                                                   : cipher_wrap.o (.rodata.aes_256_gcm_info)
                  00004750    0000001c                                                   : cipher_wrap.o (.rodata.aes_256_nist_kw_info)
                  0000476c    0000001c                                                   : cipher_wrap.o (.rodata.aes_256_nist_kwp_info)
                  00004788    0000001c                                                   : cipher_wrap.o (.rodata.chacha20_info)
                  000047a4    0000001c                                                   : cipher_wrap.o (.rodata.chachapoly_info)
                  000047c0    0000001c                                                   : sec_prot_certs.o (.rodata.str1.1)
                  000047dc    0000001c     ti_sysbios_config.o (.rodata.ti_sysbios_family_arm_cc26xx_Timer_Params_default)
                  000047f8    00000018     wisun_coap_mbed_ns_tls_lib_cc13x2x7_tirtos7.a : ws_cfg_settings.o (.rodata..Lswitch.table.ws_cfg_phy_set)
                  00004810    00000018     ti_radio_config.o (.rodata.RF_cmdFs_2gfsk50kbps154g)
                  00004828    00000018     wisun_coap_mbed_ns_tls_lib_cc13x2x7_tirtos7.a : ecp.o (.rodata.ecp_supported_curves)
                  00004840    00000018     maclib_secure_cc13x2x7_tirtos7.a : hmac_global.o (.rodata.macCmdIncludeFHIe)
                  00004858    00000018     ti_sysbios_config.o (.rodata.ti_sysbios_family_arm_m3_Hwi_Params_default)
                  00004870    00000018     ti_drivers_config.o (.rodata.trngCC26XXHWAttrs)
                  00004888    00000017     wisun_coap_mbed_ns_tls_lib_cc13x2x7_tirtos7.a : ipv6_routing_table.o (.rodata.ipv6_route_probing)
                  0000489f    00000017                                                   : md.o (.rodata.str1.1)
                  000048b6    00000017                                                   : pem.o (.rodata.str1.1)
                  000048cd    00000017                                                   : pk_wrap.o (.rodata.str1.1)
                  000048e4    00000016     maclib_secure_cc13x2x7_tirtos7.a : hmac_global.o (.rodata.macIdleSt)
                  000048fa    00000002     --HOLE-- [fill = 0]
                  000048fc    00000014     ti_drivers_config.o (.rodata.PowerCC26X2_config)
                  00004910    00000014     drivers_cc13x2x7.a : TRNG.c.obj (.rodata.TRNG_defaultParams)
                  00004924    00000014     wisun_coap_mbed_ns_tls_lib_cc13x2x7_tirtos7.a : rpl_of0.o (.rodata.rpl_of0_step_of_rank.etx_thresholds)
                  00004938    00000014     ti_sysbios_config.o (.rodata.ti_sysbios_knl_Swi_Params_default)
                  0000494c    00000013     macTask.o (.rodata.msacbackSizeTable)
                  0000495f    00000010     wisun_coap_mbed_ns_tls_lib_cc13x2x7_tirtos7.a : ns_address_internal.o (.rodata.ADDR_ALL_MPL_FORWARDERS)
                  0000496f    00000010                                                   : ns_address_internal.o (.rodata.ADDR_IF_LOCAL_ALL_NODES)
                  0000497f    00000010                                                   : ns_address_internal.o (.rodata.ADDR_IF_LOCAL_ALL_ROUTERS)
                  0000498f    00000010                                                   : ns_address_internal.o (.rodata.ADDR_LINK_LOCAL_ALL_NODES)
                  0000499f    00000010                                                   : ns_address_internal.o (.rodata.ADDR_LINK_LOCAL_ALL_ROUTERS)
                  000049af    00000010                                                   : rpl_control.o (.rodata.ADDR_LINK_LOCAL_ALL_RPL_NODES)
                  000049bf    00000010                                                   : ns_address_internal.o (.rodata.ADDR_LOOPBACK)
                  000049cf    00000010                                                   : ns_address_internal.o (.rodata.ADDR_REALM_LOCAL_ALL_NODES)
                  000049df    00000010                                                   : ns_address_internal.o (.rodata.ADDR_REALM_LOCAL_ALL_ROUTERS)
                  000049ef    00000010                                                   : ns_address_internal.o (.rodata.ADDR_SITE_LOCAL_ALL_ROUTERS)
                  000049ff    00000010                                                   : ns_address_internal.o (.rodata.ADDR_UNSPECIFIED)
                  00004a0f    00000001     --HOLE-- [fill = 0]
                  00004a10    00000010     drivers_cc13x2x7.a : AESCBC.c.obj (.rodata.AESCBC_defaultParams)
                  00004a20    00000010                        : AESCCM.c.obj (.rodata.AESCCM_defaultParams)
                  00004a30    00000010                        : AESECB.c.obj (.rodata.AESECB_defaultParams)
                  00004a40    00000010     coap_connection_handler.o (.rodata.COAP_MULTICAST_ADDR_ADMIN_LOCAL)
                  00004a50    00000010     coap_connection_handler.o (.rodata.COAP_MULTICAST_ADDR_LINK_LOCAL)
                  00004a60    00000010     coap_connection_handler.o (.rodata.COAP_MULTICAST_ADDR_SITE_LOCAL)
                  00004a70    00000010     ti_drivers_config.o (.rodata.GPIO_config)
                  00004a80    00000010     ti_drivers_config.o (.rodata.TRNG_config)
                  00004a90    00000010     wisun_coap_mbed_ns_tls_lib_cc13x2x7_tirtos7.a : ipv6.o (.rodata.cst16)
                  00004aa0    00000010                                                   : ipv6_fragmentation.o (.rodata.cst16)
                  00004ab0    00000010                                                   : ws_common.o (.rodata.cst16)
                  00004ac0    00000010                                                   : ws_cfg_settings.o (.rodata.devices_by_datarate)
                  00004ad0    00000010                                                   : x509_crt.o (.rodata.mbedtls_x509_crt_profile_default)
                  00004ae0    00000010                                                   : x509_crt.o (.rodata.mbedtls_x509_crt_profile_suiteb)
                  00004af0    00000010                                                   : socket_api.o (.rodata.ns_in6addr_any)
                  00004b00    00000010                                                   : ws_pae_key_storage.o (.rodata.str1.1)
                  00004b10    00000010                                                   : tls_sec_prot_lib.o (.rodata.tls_sec_prot_lib_connect.sec_suites)
                  00004b20    0000000f     wisun_tasklet.o (.rodata.str1.1)
                  00004b2f    00000001     --HOLE-- [fill = 0]
                  00004b30    0000000f     wisun_coap_mbed_ns_tls_lib_cc13x2x7_tirtos7.a : ws_pae_key_storage.o (.rodata.str1.4)
                  00004b3f    00000001     --HOLE-- [fill = 0]
                  00004b40    0000000d                                                   : ns_address_internal.o (.rodata.ADDR_MULTICAST_SOLICITED)
                  00004b4d    00000003     --HOLE-- [fill = 0]
                  00004b50    0000000c     drivers_cc13x2x7.a : Random.c.obj (.rodata..L__const.Random_seedAutomatic.hwAttrs)
                  00004b5c    00000004     wisun_coap_mbed_ns_tls_lib_cc13x2x7_tirtos7.a : nist_kw.o (.rodata.NIST_KW_ICV2)
                  00004b60    0000000c     wisun_tasklet.o (.rodata..L__const.wisun_tasklet_configure_and_connect_to_network.own_cert)
                  00004b6c    0000000c     wisun_tasklet.o (.rodata..L__const.wisun_tasklet_configure_and_connect_to_network.trusted_cert)
                  00004b78    0000000c     maclib_secure_cc13x2x7_tirtos7.a : mac_security_pib.o (.rodata..Lswitch.table.MAC_MlmeGetPointerSecurityReq)
                  00004b84    0000000c     wisun_coap_mbed_ns_tls_lib_cc13x2x7_tirtos7.a : md.o (.rodata..Lswitch.table.mbedtls_md_info_from_type)
                  00004b90    0000000c                                                   : pk.o (.rodata..Lswitch.table.mbedtls_pk_info_from_type)
                  00004b9c    0000000c                                                   : ws_common.o (.rodata..Lswitch.table.ws_common_regulatory_domain_config.1)
                  00004ba8    0000000c                                                   : ns_address_internal.o (.rodata.ADDR_IPV4_MAPPED_PREFIX)
                  00004bb4    0000000c     ti_drivers_config.o (.rodata.NVS_config)
                  00004bc0    0000000c     ti_drivers_config.o (.rodata.RFCC26XX_hwAttrs)
                  00004bcc    0000000c     wisun_coap_mbed_ns_tls_lib_cc13x2x7_tirtos7.a : ws_eapol_relay.o (.rodata.eapol_pdu_recv_cb_data)
                  00004bd8    0000000c                                                   : ws_pae_supp.o (.rodata.eapol_pdu_recv_cb_data)
                  00004be4    0000000c                                                   : ns_monitor.o (.rodata.ns_maintenance_gc_functions)
                  00004bf0    0000000c     ti_sysbios_config.o (.rodata.ti_sysbios_knl_Clock_Params_default)
                  00004bfc    0000000c     ti_sysbios_config.o (.rodata.ti_sysbios_knl_Semaphore_Params_default)
                  00004c08    0000000a     wisun_coap_mbed_ns_tls_lib_cc13x2x7_tirtos7.a : ssl_ciphersuites.o (.rodata..Lswitch.table.mbedtls_ssl_get_ciphersuite_sig_pk_alg)
                  00004c12    0000000a                                                   : ecp.o (.rodata.str1.1)
                  00004c1c    0000000a                                                   : supp_eap_tls_sec_prot.o (.rodata.str1.4)
                  00004c26    00000009                                                   : ws_pae_supp.o (.rodata.str1.1)
                  00004c2f    00000001     --HOLE-- [fill = 0]
                  00004c30    00000008     rf_multiMode_cc13x2.a : RFCC26X2_multiMode.c.cc13x2.ticlang.o (.rodata..L__const.RF_hwiCpe0Active.activeCmd)
                  00004c38    00000008     wisun_coap_mbed_ns_tls_lib_cc13x2x7_tirtos7.a : ns_address_internal.o (.rodata.ADDR_LINK_LOCAL_PREFIX)
                  00004c40    00000008     ti_drivers_config.o (.rodata.AESCBC_config)
                  00004c48    00000008     ti_drivers_config.o (.rodata.AESCCM_config)
                  00004c50    00000008     ti_drivers_config.o (.rodata.AESECB_config)
                  00004c58    00000008     wisun_coap_mbed_ns_tls_lib_cc13x2x7_tirtos7.a : nist_kw.o (.rodata.NIST_KW_ICV1)
                  00004c60    00000008                                                   : ns_address_internal.o (.rodata.addr_am_implicit_group_member.implicit_groups)
                  00004c68    00000008                                                   : ssl_ciphersuites.o (.rodata.ciphersuite_preference)
                  00004c70    00000008     driverlib.lib : aux_sysif.o (.rodata.cst4)
                  00004c78    00000008     wisun_coap_mbed_ns_tls_lib_cc13x2x7_tirtos7.a : ws_common.o (.rodata.cst8)
                  00004c80    00000008                                                   : sec_prot_keys.o (.rodata.empty_hash)
                  00004c88    00000008     maclib_secure_cc13x2x7_tirtos7.a : hmac_global.o (.rodata.macAuthTagLen)
                  00004c90    00000008                                      : hmac_global.o (.rodata.macSendMsgBufSize)
                  00004c98    00000008     wisun_coap_mbed_ns_tls_lib_cc13x2x7_tirtos7.a : mac_helper.o (.rodata.mac_helper_default_key_source)
                  00004ca0    00000008                                                   : md.o (.rodata.mbedtls_sha1_info)
                  00004ca8    00000008                                                   : md.o (.rodata.mbedtls_sha224_info)
                  00004cb0    00000008                                                   : md.o (.rodata.mbedtls_sha256_info)
                  00004cb8    00000008     ti_drivers_config.o (.rodata.nvsCC26XXHWAttrs)
                  00004cc0    00000008     ti_sysbios_config.o (.rodata.prefixStrings)
                  00004cc8    00000008     ti_sysbios_config.o (.rodata.ti_sysbios_knl_Idle_funcList)
                  00004cd0    00000007     wisun_coap_mbed_ns_tls_lib_cc13x2x7_tirtos7.a : kmp_api.o (.rodata..Lswitch.table.kmp_api_type_from_id_get)
                  00004cd7    00000007     maclib_secure_cc13x2x7_tirtos7.a : mac_hl_patch.o (.rodata..Lswitch.table.macCheckPhyRate)
                  00004cde    00000007     wisun_coap_mbed_ns_tls_lib_cc13x2x7_tirtos7.a : ip6tos.o (.rodata.str1.1)
                  00004ce5    00000001     --HOLE-- [fill = 0]
                  00004ce6    00000006                                                   : rpl_mrhof.o (.rodata..Lswitch.table.rpl_mrhof_link_metric_to_neighbour)
                  00004cec    00000006                                                   : ws_common.o (.rodata..Lswitch.table.ws_common_channel_number_calc.3)
                  00004cf2    00000006                                                   : ws_common.o (.rodata..Lswitch.table.ws_common_channel_number_calc.4)
                  00004cf8    00000006                                                   : ns_address_internal.o (.rodata.ADDR_SHORT_ADR_SUFFIC)
                  00004cfe    00000006     maclib_secure_cc13x2x7_tirtos7.a : hmac_global.o (.rodata.macCmdBufSize)
                  00004d04    00000006     wisun_coap_mbed_ns_tls_lib_cc13x2x7_tirtos7.a : mpl.o (.rodata.rfc7731_default_control_message_trickle_params)
                  00004d0a    00000006                                                   : mpl.o (.rodata.rfc7731_default_data_message_trickle_params)
                  00004d10    00000005                                                   : x509_crt.o (.rodata..L.str.23)
                  00004d15    00000003     --HOLE-- [fill = 0]
                  00004d18    00000004     drivers_cc13x2x7.a : NVS.c.obj (.rodata.NVS_defaultParams)
                  00004d1c    00000004     ti_sysbios_config.o (.rodata.TimestampP_nativeFormat32)
                  00004d20    00000004     ti_sysbios_config.o (.rodata.TimestampP_nativeFormat64)
                  00004d24    00000004     maclib_secure_cc13x2x7_tirtos7.a : mac_rx.o (.rodata.cst4)
                  00004d28    00000004     wisun_coap_mbed_ns_tls_lib_cc13x2x7_tirtos7.a : mpl.o (.rodata.cst4)
                  00004d2c    00000004                                                   : ssl_tls.o (.rodata.cst4)
                  00004d30    00000004     maclib_secure_cc13x2x7_tirtos7.a : fh_global.o (.rodata.fhSupFrameTypes)
                  00004d34    00000004                                      : hmac_global.o (.rodata.macCbackEventTbl)
                  00004d38    00000004                                      : hmac_global.o (.rodata.macKeySourceLen)
                  00004d3c    00000004                                      : hmac_global.o (.rodata.macSendMsgDataSize)
                  00004d40    00000004     wisun_coap_mbed_ns_tls_lib_cc13x2x7_tirtos7.a : platform_util.o (.rodata.memset_func)
                  00004d44    00000004     ti_sysbios_config.o (.rodata.ti_sysbios_family_arm_m3_Hwi_swiTaskKeyAddress)

.cinit     0    0004d078    00000458     
                  0004d078    000003f2     (.cinit..data.load) [load image, compression = lzss]
                  0004d46a    00000002     --HOLE-- [fill = 0]
                  0004d46c    0000000c     (__TI_handler_table)
                  0004d478    00000008     (.cinit..TI.bound:dmaUart0RxControlTableEntry.load) [load image, compression = zero_init]
                  0004d480    00000008     (.cinit..TI.bound:dmaUart0TxControlTableEntry.load) [load image, compression = zero_init]
                  0004d488    00000008     (.cinit..bss.1.load) [load image, compression = zero_init]
                  0004d490    00000008     (.cinit..bss.2.load) [load image, compression = zero_init]
                  0004d498    00000008     (.cinit..ramVecs.load) [load image, compression = zero_init]
                  0004d4a0    00000030     (__TI_cinit_table)

.init_array 
*          0    00000000    00000000     UNINITIALIZED

.text.1    0    00004d48    00048328     
                  00004d48    00000ac4     wisun_coap_mbed_ns_tls_lib_cc13x2x7_tirtos7.a : ssl_cli.o (.text.mbedtls_ssl_handshake_client_step)
                  0000580c    00000844     libc.a : _printfi.c.obj (.text:__TI_printfi_nofloat)
                  00006050    00000818     wisun_coap_mbed_ns_tls_lib_cc13x2x7_tirtos7.a : x509_crt.o (.text.mbedtls_x509_crt_parse_der_internal)
                  00006868    0000073c                                                   : ecp.o (.text.mbedtls_ecp_mul_restartable)
                  00006fa4    000006e4                                                   : sha256.o (.text.mbedtls_internal_sha256_process)
                  00007688    00000690                                                   : ws_bootstrap.o (.text.ws_bootstrap_asynch_ind)
                  00007d18    000005c0     maclib_secure_cc13x2x7_tirtos7.a : mac_rx.o (.text.macRxFrameIsr)
                  000082d8    000005b4     wisun_coap_mbed_ns_tls_lib_cc13x2x7_tirtos7.a : ws_bootstrap.o (.text.ws_bootstrap_event_handler)
                  0000888c    000005a8                                                   : rpl_control.o (.text.rpl_control_handler)
                  00008e34    0000050c                                                   : adaptation_interface.o (.text.lowpan_adaptation_interface_tx)
                  00009340    000004da                                                   : ws_llc_data_service.o (.text.ws_llc_mac_indication_cb)
                  0000981a    00000002     ti_drivers_config.o (.text.Board_initHook)
                  0000981c    000004d4     wisun_coap_mbed_ns_tls_lib_cc13x2x7_tirtos7.a : icmpv6.o (.text.icmpv6_up)
                  00009cf0    000004c0                                                   : ipv6.o (.text.ipv6_forwarding_up)
                  0000a1b0    0000049c     sn_coap_parser.o (.text.sn_coap_parser)
                  0000a64c    00000490     rf_multiMode_cc13x2.a : RFCC26X2_multiMode.c.cc13x2.ticlang.o (.text.RF_fsmActiveState)
                  0000aadc    00000488     wisun_coap_mbed_ns_tls_lib_cc13x2x7_tirtos7.a : x509_crt.o (.text.x509_crt_verify_restartable_ca_cb)
                  0000af64    00000426                                                   : ecp_curves.o (.text.ecp_mod_p256)
                  0000b38a    00000002     maclib_secure_cc13x2x7_tirtos7.a : fh_util.o (.text.FHUTIL_noAction)
                  0000b38c    00000410     wisun_coap_mbed_ns_tls_lib_cc13x2x7_tirtos7.a : ipv6_fragmentation.o (.text.ipv6_frag_up)
                  0000b79c    000003fc                                                   : x509_crl.o (.text.mbedtls_x509_crl_parse_der)
                  0000bb98    000003ac                                                   : ns_socket.o (.text.socket_buffer_sendmsg)
                  0000bf44    00000392                                                   : rpl_downward.o (.text.rpl_instance_send_dao_update)
                  0000c2d6    00000372     sn_coap_builder.o (.text.sn_coap_builder_calc_needed_packet_data_size_2)
                  0000c648    00000358     wisun_coap_mbed_ns_tls_lib_cc13x2x7_tirtos7.a : protocol_core.o (.text.protocol_stack_interface_generate_lowpan)
                  0000c9a0    0000034e                                                   : ws_llc_data_service.o (.text.ws_llc_mpx_data_request)
                  0000ccee    00000344                                                   : cipv6_fragmenter.o (.text.cipv6_frag_reassembly)
                  0000d032    00000002     drivers_cc13x2x7.a : LED.c.obj (.text.LED_init)
                  0000d034    00000340     wisun_coap_mbed_ns_tls_lib_cc13x2x7_tirtos7.a : ssl_msg.o (.text.mbedtls_ssl_decrypt_buf)
                  0000d374    0000032c     maclib_secure_cc13x2x7_tirtos7.a : mac_radio_tx.o (.text.macRadioTxGo)
                  0000d6a0    00000328     wisun_coap_mbed_ns_tls_lib_cc13x2x7_tirtos7.a : bignum.o (.text.mbedtls_mpi_div_mpi)
                  0000d9c8    00000310     maclib_secure_cc13x2x7_tirtos7.a : mac_rx.o (.text.rxPayloadIsr)
                  0000dcd8    00000304     ti_sysbios_config.o (.text.ti_sysbios_runtime_System_doPrint)
                  0000dfdc    00000300     wisun_coap_mbed_ns_tls_lib_cc13x2x7_tirtos7.a : rpl_mrhof.o (.text.rpl_mrhof_parent_selection)
                  0000e2dc    00000300                                                   : ws_pae_key_storage.o (.text.ws_pae_key_storage_supp_write)
                  0000e5dc    000002fc                                                   : ws_bootstrap.o (.text.ws_bootstrap_init)
                  0000e8d8    000002f6                                                   : ccm.o (.text.ccm_auth_crypt)
                  0000ebce    00000002     rf_multiMode_cc13x2.a : rfc.c.cc13x2.ticlang.o (.text.NOROM_RFCCpePatchReset)
                  0000ebd0    000002e0     wisun_coap_mbed_ns_tls_lib_cc13x2x7_tirtos7.a : rpl_upward.o (.text.rpl_instance_run_parent_selection)
                  0000eeb0    000002d4                                                   : ssl_msg.o (.text.mbedtls_ssl_encrypt_buf)
                  0000f184    000002c0                                                   : mpl.o (.text.mpl_forwarder_process_message)
                  0000f444    000002bc                                                   : mpl.o (.text.mpl_fast_timer)
                  0000f700    000002bc                                                   : ws_cfg_settings.o (.text.ws_cfg_network_size_configure)
                  0000f9bc    000002b8                                                   : iphc_decompress.o (.text.iphc_decompress)
                  0000fc74    000002b6                                                   : adaptation_interface.o (.text.lowpan_adaptation_interface_tx_confirm)
                  0000ff2a    00000002     rf_multiMode_cc13x2.a : RFCC26X2_multiMode.c.cc13x2.ticlang.o (.text.RF_defaultCallback)
                  0000ff2c    000002b4     wisun_coap_mbed_ns_tls_lib_cc13x2x7_tirtos7.a : ssl_tls.o (.text.ssl_populate_transform)
                  000101e0    000002b0                                                   : ws_bootstrap.o (.text.ws_bootstrap_up)
                  00010490    000002ac     maclib_secure_cc13x2x7_tirtos7.a : mac_hl_patch.o (.text.macBuildHeader)
                  0001073c    000002a4     wisun_coap_mbed_ns_tls_lib_cc13x2x7_tirtos7.a : rpl_control.o (.text.rpl_control_transmit_dio)
                  000109e0    000002a0                                                   : bignum.o (.text.mbedtls_mpi_inv_mod)
                  00010c80    0000029c     rf_multiMode_cc13x2.a : RFCC26X2_multiMode.c.cc13x2.ticlang.o (.text.RF_open)
                  00010f1c    00000290     wisun_coap_mbed_ns_tls_lib_cc13x2x7_tirtos7.a : rpl_data.o (.text.rpl_data_exthdr_provider_hbh_2)
                  000111ac    0000028e                                                   : rpl_of0.o (.text.rpl_of0_parent_selection)
                  0001143a    00000002     libclang_rt.builtins.a : aeabi_div0.c.obj (.text.__aeabi_ldiv0)
                  0001143c    00000284     nvocmp.o (.text.NVOCMP_compactPage)
                  000116c0    0000027c     wisun_coap_mbed_ns_tls_lib_cc13x2x7_tirtos7.a : iphc_compress.o (.text.compress_addr)
                  0001193c    00000270     maclib_secure_cc13x2x7_tirtos7.a : fh_ie.o (.text.FHIE_parsePie)
                  00011bac    0000026c     wisun_coap_mbed_ns_tls_lib_cc13x2x7_tirtos7.a : ssl_tls.o (.text.mbedtls_ssl_parse_certificate)
                  00011e18    0000026a                                                   : iphc_compress.o (.text.compress_ipv6)
                  00012082    00000002     libc.a : _lock.c.obj (.text._nop)
                  00012084    0000025c     maclib_secure_cc13x2x7_tirtos7.a : fh_ie_patch.o (.text.FHIE_genPieContent)
                  000122e0    0000025c     wisun_coap_mbed_ns_tls_lib_cc13x2x7_tirtos7.a : iphc_compress.o (.text.compress_nh)
                  0001253c    00000258                                                   : ecp.o (.text.ecp_double_jac)
                  00012794    00000254     maclib_secure_cc13x2x7_tirtos7.a : mac_radio_tx.o (.text.macRadioTxEDFEEfrm)
                  000129e8    00000248     wisun_coap_mbed_ns_tls_lib_cc13x2x7_tirtos7.a : dhcpv6_client_service.o (.text.dhcp_solicit_resp_cb)
                  00012c30    00000248                                                   : ws_bootstrap.o (.text.ws_bootstrap_trickle_timer)
                  00012e78    00000244                                                   : ecp.o (.text.ecp_add_mixed)
                  000130bc    00000238                                                   : protocol_core.o (.text.core_timer_event_handle)
                  000132f4    00000234                                                   : socket_api.o (.text.socket_setsockopt)
                  00013528    00000230                                                   : tls_sec_prot_lib.o (.text.tls_sec_prot_lib_connect)
                  00013758    0000022c     maclib_secure_cc13x2x7_tirtos7.a : mac.o (.text.macRxCb)
                  00013984    00000218     wisun_coap_mbed_ns_tls_lib_cc13x2x7_tirtos7.a : supp_eap_tls_sec_prot.o (.text.supp_eap_tls_sec_prot_state_machine)
                  00013b9c    0000020e     sn_coap_parser.o (.text.sn_coap_parser_options_parse_multiple_options)
                  00013daa    00000002     wisun_coap_mbed_ns_tls_lib_cc13x2x7_tirtos7.a : beacon_handler.o (.text.beacon_join_priority_update)
                  00013dac    00000208     macTask.o (.text.macTaskFxn)
                  00013fb4    00000200     wisun_coap_mbed_ns_tls_lib_cc13x2x7_tirtos7.a : adaptation_interface.o (.text.lowpan_data_request_to_mac)
                  000141b4    000001f8     application.o (.text.nanostackNetworkHandler)
                  000143ac    000001f8     wisun_coap_mbed_ns_tls_lib_cc13x2x7_tirtos7.a : ws_llc_data_service.o (.text.ws_llc_mac_confirm_cb)
                  000145a4    000001f4     nvocmp.o (.text.NVOCMP_addItem)
                  00014798    000001f4     sn_coap_builder.o (.text.sn_coap_builder_2)
                  0001498c    000001f0     maclib_secure_cc13x2x7_tirtos7.a : mac.o (.text.macSendReceiveCmdSubG)
                  00014b7c    000001f0     wisun_coap_mbed_ns_tls_lib_cc13x2x7_tirtos7.a : ws_pae_key_storage.o (.text.ws_pae_key_storage_read)
                  00014d6c    000001e8     rf_multiMode_cc13x2.a : RFCC26X2_multiMode.c.cc13x2.ticlang.o (.text.RF_scheduleCmd)
                  00014f54    000001e8     wisun_coap_mbed_ns_tls_lib_cc13x2x7_tirtos7.a : mpl.o (.text.mpl_exthdr_provider)
                  0001513c    000001e4     mac_settings.o (.text.rfSetConfigSubG)
                  00015320    000001e4     wisun_coap_mbed_ns_tls_lib_cc13x2x7_tirtos7.a : rpl_data.o (.text.rpl_data_process_routing_header)
                  00015504    000001e4                                                   : supp_fwh_sec_prot.o (.text.supp_fwh_sec_prot_state_machine)
                  000156e8    000001e2                                                   : ws_neighbor_class.o (.text.ws_neighbor_class_neighbor_unicast_schedule_set)
                  000158ca    00000002                                                   : beacon_handler.o (.text.beacon_received)
                  000158cc    000001e0     maclib_secure_cc13x2x7_tirtos7.a : fh_ie_patch.o (.text.FHIE_extractPie)
                  00015aac    000001e0     wisun_coap_mbed_ns_tls_lib_cc13x2x7_tirtos7.a : socket_api.o (.text.socket_recvmsg)
                  00015c8c    000001e0                                                   : ws_cfg_settings.o (.text.ws_cfg_network_size_set)
                  00015e6c    000001dc     rf_multiMode_cc13x2.a : RFCC26X2_multiMode.c.cc13x2.ticlang.o (.text.RF_dispatchNextCmd)
                  00016048    000001dc     wisun_coap_mbed_ns_tls_lib_cc13x2x7_tirtos7.a : ipv6_routing_table.o (.text.ipv6_route_choose_next_hop)
                  00016224    000001d6                                                   : iphc_decompress.o (.text.iphc_header_scan)
                  000163fa    00000002                                                   : blacklist.o (.text.blacklist_update)
                  000163fc    000001d4                                                   : icmpv6.o (.text.icmpv6_build_na)
                  000165d0    000001d0                                                   : icmpv6.o (.text.icmpv6_error)
                  000167a0    000001d0                                                   : ipv6.o (.text.ipv6_down)
                  00016970    000001cc                                                   : ws_pae_supp.o (.text.ws_pae_supp_slow_timer)
                  00016b3c    000001c4     maclib_secure_cc13x2x7_tirtos7.a : mac_radio.o (.text.macRadioInitSubG)
                  00016d00    000001c4     wisun_coap_mbed_ns_tls_lib_cc13x2x7_tirtos7.a : rpl_upward.o (.text.rpl_upward_print_dodag)
                  00016ec4    000001c0                                                   : ipv6.o (.text.ipv6_buffer_route_to)
                  00017084    000001c0                                                   : ssl_msg.o (.text.mbedtls_ssl_read_record)
                  00017244    000001b8                                                   : dhcp_service_api.o (.text.recv_dhcp_relay_msg)
                  000173fc    000001b8                                                   : ws_bootstrap.o (.text.ws_bootstrap_neighbor_info_request)
                  000175b4    000001b6     libclang_rt.builtins.a : adddf3.S.obj (.text)
                  0001776a    00000002     drivers_cc13x2x7.a : PowerCC26X2.c.obj (.text.emptyClockFunc)
                  0001776c    000001b4     coap_connection_handler.o (.text.coap_connection_handler_open_connection)
                  00017920    000001b0     wisun_coap_mbed_ns_tls_lib_cc13x2x7_tirtos7.a : ws_pae_supp.o (.text.ws_pae_supp_init)
                  00017ad0    000001ac     maclib_secure_cc13x2x7_tirtos7.a : fh_pib.o (.text.FHPIB_set)
                  00017c7c    000001ac     wisun_coap_mbed_ns_tls_lib_cc13x2x7_tirtos7.a : icmpv6.o (.text.icmpv6_build_ns)
                  00017e28    000001a8                                                   : ecdsa.o (.text.ecdsa_sign_restartable)
                  00017fd0    000001a4                                                   : udp.o (.text.udp_up)
                  00018174    000001a0     drivers_cc13x2x7.a : AESECBCC26XX.c.obj (.text.AESECB_addDataInternal)
                  00018314    000001a0     wisun_coap_mbed_ns_tls_lib_cc13x2x7_tirtos7.a : x509.o (.text.mbedtls_x509_get_time)
                  000184b4    000001a0                                                   : mpl.o (.text.mpl_domain_create)
                  00018654    0000019c                                                   : ecp.o (.text.ecp_normalize_jac_many)
                  000187f0    0000019c                                                   : nist_kw.o (.text.mbedtls_nist_kw_wrap)
                  0001898c    00000194     maclib_secure_cc13x2x7_tirtos7.a : mac_pib.o (.text.MAC_MlmeSetReq)
                  00018b20    00000194     drivers_cc13x2x7.a : PowerCC26X2_calibrateRCOSC.c.obj (.text.PowerCC26X2_auxISR)
                  00018cb4    00000194     wisun_coap_mbed_ns_tls_lib_cc13x2x7_tirtos7.a : ipv6.o (.text.ipv6_consider_forwarding_unicast_packet)
                  00018e48    00000194                                                   : cipher.o (.text.mbedtls_cipher_update)
                  00018fdc    00000192                                                   : key_sec_prot.o (.text.supp_key_sec_prot_state_machine)
                  0001916e    00000002     drivers_cc13x2x7.a : CryptoResourceCC26XX.c.obj (.text.errorSpin)
                  00019170    00000190     maclib_secure_cc13x2x7_tirtos7.a : mac_radio_tx.o (.text.macRadioCsmaTxCb)
                  00019300    0000018e     wisun_coap_mbed_ns_tls_lib_cc13x2x7_tirtos7.a : bignum.o (.text.mpi_mul_hlp)
                  0001948e    00000002                                                   : key_sec_prot.o (.text.key_sec_prot_delete)
                  00019490    0000018c                                                   : iphc_decompress.o (.text.decompress_addr)
                  0001961c    0000018c                                                   : iphc_decompress.o (.text.decompress_ipv6)
                  000197a8    0000018c     wisun_tasklet.o (.text.wisun_tasklet_configure_and_connect_to_network)
                  00019934    00000188     drivers_cc13x2x7.a : AESCCMCC26XX.c.obj (.text.AESCCM_startOperation)
                  00019abc    00000188     wisun_coap_mbed_ns_tls_lib_cc13x2x7_tirtos7.a : ns_address_internal.o (.text.addr_select_source)
                  00019c44    00000184                                                   : ipv6_routing_table.o (.text.ipv6_route_add_metric)
                  00019dc8    00000184                                                   : pkparse.o (.text.pk_parse_key_sec1_der)
                  00019f4c    00000184                                                   : ws_common.o (.text.ws_common_regulatory_domain_config)
                  0001a0d0    00000184                                                   : ws_bootstrap.o (.text.ws_neighbor_entry_nud_notify)
                  0001a254    00000180                                                   : ctr_drbg.o (.text.block_cipher_df)
                  0001a3d4    00000180     api_mac.o (.text.processIncomingICallMsg)
                  0001a554    00000180     wisun_coap_mbed_ns_tls_lib_cc13x2x7_tirtos7.a : ws_pae_key_storage.o (.text.ws_pae_key_storage_store)
                  0001a6d4    0000017e                                                   : ws_bootstrap.o (.text.ws_bootstrap_rpl_callback)
                  0001a852    00000002     maclib_secure_cc13x2x7_tirtos7.a : mac_mgmt.o (.text.macDefaultAction)
                  0001a854    0000017c     wisun_coap_mbed_ns_tls_lib_cc13x2x7_tirtos7.a : ipv6.o (.text.ipv6_forwarding_down)
                  0001a9d0    0000017c     sn_coap_protocol.o (.text.sn_coap_protocol_build)
                  0001ab4c    00000178     drivers_cc13x2x7.a : AESCBCCC26XX.c.obj (.text.AESCBC_addDataInternal)
                  0001acc4    00000178     wisun_coap_mbed_ns_tls_lib_cc13x2x7_tirtos7.a : dhcpv6_client_service.o (.text.dhcp_client_get_global_address)
                  0001ae3c    00000178     maclib_secure_cc13x2x7_tirtos7.a : mac_radio_tx.o (.text.macRadioTxRequestTxAck)
                  0001afb4    00000178     wisun_coap_mbed_ns_tls_lib_cc13x2x7_tirtos7.a : nist_kw.o (.text.mbedtls_nist_kw_unwrap)
                  0001b12c    00000178                                                   : mpl.o (.text.mpl_control_handler)
                  0001b2a4    00000178                                                   : nsdynmemLIB.o (.text.ns_mem_free)
                  0001b41c    00000176                                                   : rpl_downward.o (.text.rpl_instance_dao_acked)
                  0001b592    00000172                                                   : poly1305.o (.text.poly1305_process)
                  0001b704    00000170     maclib_secure_cc13x2x7_tirtos7.a : mac_hl_patch.o (.text.macBuildCommonReq)
                  0001b874    0000016c                                      : fh_api.o (.text.FHAPI_start)
                  0001b9e0    0000016c     wisun_coap_mbed_ns_tls_lib_cc13x2x7_tirtos7.a : ecp_curves.o (.text.mbedtls_ecp_group_load)
                  0001bb4c    0000016c                                                   : rpl_upward.o (.text.rpl_instance_slow_timer)
                  0001bcb8    00000168                                                   : base64.o (.text.mbedtls_base64_decode)
                  0001be20    00000168                                                   : ws_pae_controller.o (.text.ws_pae_controller_nw_key_check_and_insert)
                  0001bf88    00000160     maclib_secure_cc13x2x7_tirtos7.a : mac_data.o (.text.macTxCompleteCallback)
                  0001c0e8    0000015e     wisun_coap_mbed_ns_tls_lib_cc13x2x7_tirtos7.a : ws_bootstrap.o (.text.ws_rpl_new_parent_callback)
                  0001c246    00000002     maclib_secure_cc13x2x7_tirtos7.a : mac_low_level.o (.text.macLowLevelDiags)
                  0001c248    0000015c                                      : fh_ie.o (.text.FHIE_parseCommonInformation)
                  0001c3a4    0000015c     coap_message_handler.o (.text.coap_message_handler_request_send)
                  0001c500    0000015c     wisun_coap_mbed_ns_tls_lib_cc13x2x7_tirtos7.a : dhcp_service_api.o (.text.dhcp_service_send_message)
                  0001c65c    00000158     maclib_secure_cc13x2x7_tirtos7.a : fh_api.o (.text.FHAPI_completeRxCb)
                  0001c7b4    00000158                                      : fh_ie_patch.o (.text.FHAPI_completeTxCb)
                  0001c90c    00000158     drivers_cc13x2x7.a : PowerCC26X2.c.obj (.text.Power_sleep)
                  0001ca64    00000158     maclib_secure_cc13x2x7_tirtos7.a : mac_hl_patch.o (.text.macBuildDataFrame)
                  0001cbbc    00000150     wisun_coap_mbed_ns_tls_lib_cc13x2x7_tirtos7.a : ecdsa.o (.text.ecdsa_verify_restartable)
                  0001cd0c    00000150                                                   : ecp.o (.text.mbedtls_ecp_check_pubkey)
                  0001ce5c    00000150     api_mac.o (.text.mlme_req)
                  0001cfac    00000150     wisun_coap_mbed_ns_tls_lib_cc13x2x7_tirtos7.a : ws_ie_lib.o (.text.ws_wp_nested_us_read)
                  0001d0fc    0000014c     rf_multiMode_cc13x2.a : RFCC26X2_multiMode.c.cc13x2.ticlang.o (.text.RF_radioOpDoneCb)
                  0001d248    0000014c     wisun_coap_mbed_ns_tls_lib_cc13x2x7_tirtos7.a : ws_bootstrap.o (.text.ws_nud_active_timer)
                  0001d394    0000014a                                                   : ws_bootstrap.o (.text.ws_fhss_configure_channel_masks)
                  0001d4de    00000002     maclib_secure_cc13x2x7_tirtos7.a : mac_low_level.o (.text.macLowLevelReset)
                  0001d4e0    00000148                                      : mac_hl_patch.o (.text.MAC_McpsDataReq)
                  0001d628    00000148     wisun_coap_mbed_ns_tls_lib_cc13x2x7_tirtos7.a : nsdynmemLIB.o (.text.ns_mem_internal_alloc)
                  0001d770    00000148                                                   : rpl_upward.o (.text.rpl_instance_dio_trigger)
                  0001d8b8    00000146                                                   : tls_sec_prot.o (.text.client_tls_sec_prot_state_machine)
                  0001d9fe    00000002     maclib_secure_cc13x2x7_tirtos7.a : mac_mcu.o (.text.macMcuBitReverse)
                  0001da00    00000144     wisun_coap_mbed_ns_tls_lib_cc13x2x7_tirtos7.a : chacha20.o (.text.chacha20_block)
                  0001db44    00000004     api_mac.o (.text.ApiMac_mlmeSetSecurityReqArray)
                  0001db48    00000144     ti_sysbios_config.o (.text.ti_sysbios_runtime_System_printfExtend)
                  0001dc8c    00000140     coap_connection_handler.o (.text.coap_connection_handler_send_data)
                  0001ddcc    0000013e     wisun_coap_mbed_ns_tls_lib_cc13x2x7_tirtos7.a : bignum.o (.text.mbedtls_mpi_read_string)
                  0001df0a    00000002     maclib_secure_cc13x2x7_tirtos7.a : mac_mgmt.o (.text.macNoAction)
                  0001df0c    0000013c     coap_message_handler.o (.text.coap_message_handler_coap_msg_process)
                  0001e048    0000013c     wisun_coap_mbed_ns_tls_lib_cc13x2x7_tirtos7.a : eapol_helper.o (.text.eapol_write_pdu_frame)
                  0001e184    0000013c                                                   : kmp_api.o (.text.kmp_api_create)
                  0001e2c0    0000013c                                                   : ssl_tls.o (.text.tls_prf_sha256)
                  0001e3fc    0000013a                                                   : ws_pae_nvm_data.o (.text.ws_pae_nvm_store_nw_info_tlv_read)
                  0001e536    00000002     maclib_secure_cc13x2x7_tirtos7.a : mac_pwr.o (.text.macPwrVote)
                  0001e538    00000138     nvocmp.o (.text.NVOCMP_findItem)
                  0001e670    00000138     wisun_coap_mbed_ns_tls_lib_cc13x2x7_tirtos7.a : nd_router_object.o (.text.nd_ns_aro_handler)
                  0001e7a8    00000134     rf_multiMode_cc13x2.a : RFCC26X2_multiMode.c.cc13x2.ticlang.o (.text.RF_ratSetupChannel)
                  0001e8dc    00000134     wisun_coap_mbed_ns_tls_lib_cc13x2x7_tirtos7.a : pem.o (.text.mbedtls_pem_read_buffer)
                  0001ea10    00000130     driverlib.lib : aes.o (.text.NOROM_AESWriteToKeyStore)
                  0001eb40    00000130     coap_service_api.o (.text.coap_msg_process_callback)
                  0001ec70    00000130     wisun_coap_mbed_ns_tls_lib_cc13x2x7_tirtos7.a : dhcpv6_client_service.o (.text.dhcpv6_renew)
                  0001eda0    0000012e                                                   : supp_gkh_sec_prot.o (.text.supp_gkh_sec_prot_state_machine)
                  0001eece    00000002     maclib_secure_cc13x2x7_tirtos7.a : mac_radio.o (.text.macRadioSetRE)
                  0001eed0    0000012c     rf_multiMode_cc13x2.a : RFCC26X2_multiMode.c.cc13x2.ticlang.o (.text.RF_close)
                  0001effc    0000012c     drivers_cc13x2x7.a : TRNGCC26XX.c.obj (.text.TRNGCC26XX_hwiFxn)
                  0001f128    0000012c     ti_sysbios_config.o (.text.ti_sysbios_family_arm_cc26xx_Timer_construct)
                  0001f254    00000128     maclib_secure_cc13x2x7_tirtos7.a : mac_security_pib.o (.text.MAC_MlmeSetSecurityReq)
                  0001f37c    00000128     wisun_coap_mbed_ns_tls_lib_cc13x2x7_tirtos7.a : dhcp_service_api.o (.text.dhcp_service_init)
                  0001f4a4    00000128                                                   : etx.o (.text.etx_transm_attempts_update)
                  0001f5cc    00000128                                                   : gcm.o (.text.gcm_mult)
                  0001f6f4    00000128                                                   : 6lowpan_iphc.o (.text.lowpan_down)
                  0001f81c    00000128                                                   : pkparse.o (.text.mbedtls_pk_parse_key)
                  0001f944    00000126                                                   : ws_pae_supp.o (.text.ws_pae_supp_authenticate)
                  0001fa6a    00000002     maclib_secure_cc13x2x7_tirtos7.a : mac_radio_tx.o (.text.macRadioTxCancelTxAck)
                  0001fa6c    00000124     rf_multiMode_cc13x2.a : RFCC26X2_multiMode.c.cc13x2.ticlang.o (.text.RF_abortCmd)
                  0001fb90    00000124                           : RFCC26X2_multiMode.c.cc13x2.ticlang.o (.text.RF_fsmSetupState)
                  0001fcb4    00000120     maclib_secure_cc13x2x7_tirtos7.a : mac_tx.o (.text.macTxFrame)
                  0001fdd4    00000120     wisun_coap_mbed_ns_tls_lib_cc13x2x7_tirtos7.a : protocol_stats.o (.text.protocol_stats_update)
                  0001fef4    0000011c     maclib_secure_cc13x2x7_tirtos7.a : fh_ie_patch.o (.text.FHAPI_sendData)
                  00020010    0000011c     application.o (.text.mainThread)
                  0002012c    0000011c     wisun_coap_mbed_ns_tls_lib_cc13x2x7_tirtos7.a : sha256.o (.text.mbedtls_sha256_finish_ret)
                  00020248    0000011c                                                   : mld.o (.text.mld_build)
                  00020364    0000011c     sysbios.a : Hwi_asm_gcc.s.obj (.text.ti_sysbios_family_arm_m3_Hwi_dispatch)
                  00020480    0000011c     wisun_coap_mbed_ns_tls_lib_cc13x2x7_tirtos7.a : ws_bootstrap.o (.text.ws_bootstrap_dhcp_info_notify_cb)
                  0002059c    00000118     drivers_cc13x2x7.a : PowerCC26X2.c.obj (.text.Power_init)
                  000206b4    00000118     rf_multiMode_cc13x2.a : RFCC26X2_multiMode.c.cc13x2.ticlang.o (.text.RF_decodeOverridePointers)
                  000207cc    00000118     wisun_coap_mbed_ns_tls_lib_cc13x2x7_tirtos7.a : eap_tls_sec_prot_lib.o (.text.eap_tls_sec_prot_lib_message_handle)
                  000208e4    00000118                                                   : dhcp_service_api.o (.text.recv_dhcp_server_msg)
                  000209fc    00000114                                                   : ws_common.o (.text.ws_generate_channel_list)
                  00020b10    00000110                                                   : ns_address_internal.o (.text.addr_select_with_prefix)
                  00020c20    00000110     maclib_secure_cc13x2x7_tirtos7.a : mac_ie_build.o (.text.macBuildPayloadIes)
                  00020d30    00000110     wisun_coap_mbed_ns_tls_lib_cc13x2x7_tirtos7.a : x509.o (.text.mbedtls_x509_get_name)
                  00020e40    0000010e                                                   : chacha20.o (.text.mbedtls_chacha20_update)
                  00020f4e    0000010e                                                   : gcm.o (.text.mbedtls_gcm_setkey)
                  0002105c    0000010c     drivers_cc13x2x7.a : PowerCC26X2_calibrateRCOSC.c.obj (.text.PowerCC26X2_calibrate)
                  00021168    0000010c     wisun_coap_mbed_ns_tls_lib_cc13x2x7_tirtos7.a : adaptation_interface.o (.text.lowpan_adaptation_interface_data_ind)
                  00021274    0000010c                                                   : ssl_msg.o (.text.mbedtls_ssl_write_record)
                  00021380    0000010c                                                   : x509_crt.o (.text.mbedtls_x509_parse_subject_alt_name)
                  0002148c    0000010c                                                   : ws_bootstrap.o (.text.ws_bootstrap_seconds_timer)
                  00021598    0000010c                                                   : ws_llc_data_service.o (.text.ws_llc_create)
                  000216a4    0000010a                                                   : rpl_upward.o (.text.rpl_dodag_update_config)
                  000217ae    00000002     maclib_secure_cc13x2x7_tirtos7.a : mac_symbol_timer.o (.text.macSymbolTimerSetRollover)
                  000217b0    00000108     drivers_cc13x2x7.a : NVSCC26XX.c.obj (.text.NVSCC26XX_write)
                  000218b8    00000108     rf_multiMode_cc13x2.a : RFCC26X2_multiMode.c.cc13x2.ticlang.o (.text.RF_fsmPowerUpState)
                  000219c0    00000108     wisun_coap_mbed_ns_tls_lib_cc13x2x7_tirtos7.a : sec_prot_lib.o (.text.sec_prot_lib_ptk_calc)
                  00021ac8    00000106     maclib_secure_cc13x2x7_tirtos7.a : fh_ie_patch.o (.text.FHIE_genHie)
                  00021bce    00000002     wisun_coap_mbed_ns_tls_lib_cc13x2x7_tirtos7.a : mesh_system.o (.text.mesh_system_heap_error_handler)
                  00021bd0    00000104     drivers_cc13x2x7.a : GPIOCC26X2.c.obj (.text.GPIO_init)
                  00021cd4    00000104     driverlib.lib : sys_ctrl.o (.text.NOROM_SysCtrlStandby)
                  00021dd8    00000104     wisun_coap_mbed_ns_tls_lib_cc13x2x7_tirtos7.a : protocol_6lowpan.o (.text.protocol_6lowpan_stack)
                  00021edc    00000100     maclib_secure_cc13x2x7_tirtos7.a : fh_util.o (.text.FHUTIL_adjBackOffDur)
                  00021fdc    00000100     wisun_coap_mbed_ns_tls_lib_cc13x2x7_tirtos7.a : eapol_helper.o (.text.eapol_parse_pdu_header)
                  000220dc    00000100                                                   : ipv6_resolution.o (.text.ipv6_interface_resolve_new)
                  000221dc    00000100     coap_connection_handler.o (.text.recv_sckt_msg)
                  000222dc    00000100     api_mac.o (.text.timacConvertKeyDescriptor)
                  000223dc    000000fe     wisun_coap_mbed_ns_tls_lib_cc13x2x7_tirtos7.a : gcm.o (.text.mbedtls_gcm_starts)
                  000224da    00000002                                                   : neighbor_cache.o (.text.neighbor_cache_init)
                  000224dc    000000fc     rf_multiMode_cc13x2.a : RFCC26X2_multiMode.c.cc13x2.ticlang.o (.text.RF_hwiCpe0Active)
                  000225d8    000000fc     wisun_coap_mbed_ns_tls_lib_cc13x2x7_tirtos7.a : iphc_compress.o (.text.iphc_compress)
                  000226d4    000000fc                                                   : ecp.o (.text.mbedtls_ecp_gen_privkey)
                  000227d0    000000fc                                                   : bignum.o (.text.mbedtls_mpi_gcd)
                  000228cc    000000fc                                                   : ws_ie_lib.o (.text.ws_wp_nested_bs_read)
                  000229c8    000000fc     libclang_rt.builtins.a : muldf3.S.obj (.text)
                  00022ac4    000000fa     wisun_coap_mbed_ns_tls_lib_cc13x2x7_tirtos7.a : gcm.o (.text.mbedtls_gcm_finish)
                  00022bbe    00000002                                                   : net_load_balance.o (.text.net_load_balance_internal_state_activate)
                  00022bc0    000000f8     drivers_cc13x2x7.a : TRNGCC26XX.c.obj (.text.TRNG_getRandom)
                  00022cb8    000000f8     coap_service_api.o (.text.coap_service_initialize)
                  00022db0    000000f8     wisun_coap_mbed_ns_tls_lib_cc13x2x7_tirtos7.a : ipv6.o (.text.ipv6_handle_options)
                  00022ea8    000000f8     maclib_secure_cc13x2x7_tirtos7.a : mac_hl_patch.o (.text.macAllocTxBuffer)
                  00022fa0    000000f8                                      : mac_security_pib.o (.text.macSecurityPibReset)
                  00023098    000000f8     wisun_coap_mbed_ns_tls_lib_cc13x2x7_tirtos7.a : ws_llc_data_service.o (.text.ws_llc_mcps_edfe_handler)
                  00023190    000000f6                                                   : ipv6_routing_table.o (.text.ipv6_neighbour_cache_fast_timer)
                  00023286    00000002     ns_event_loop.o (.text.ns_event_loop_thread_start)
                  00023288    000000f4     wisun_coap_mbed_ns_tls_lib_cc13x2x7_tirtos7.a : ns_socket.o (.text.socket_tasklet_event_handler)
                  0002337c    000000f2                                                   : rpl_downward.o (.text.rpl_instance_choose_target_to_assign)
                  0002346e    00000002     arm_hal_interrupt.o (.text.platform_critical_init)
                  00023470    000000f0     libc.a : fputs.c.obj (.text.fputs)
                  00023560    000000f0     maclib_secure_cc13x2x7_tirtos7.a : mac_hl_patch.o (.text.macBuildHeaderIes)
                  00023650    000000f0                                      : mac_mgmt.o (.text.macSetDefaultsByPhyID)
                  00023740    000000ee     wisun_coap_mbed_ns_tls_lib_cc13x2x7_tirtos7.a : entropy.o (.text.mbedtls_entropy_func)
                  0002382e    000000ee                                                   : ws_llc_data_service.o (.text.ws_llc_mpx_eapol_send)
                  0002391c    000000ec                                                   : icmpv6_radv.o (.text.icmpv6_radv_timer)
                  00023a08    000000ec                                                   : 6lowpan_iphc.o (.text.lowpan_up)
                  00023af4    000000ec     maclib_secure_cc13x2x7_tirtos7.a : mac.o (.text.macSetupRATChanCompare)
                  00023be0    000000ec     wisun_coap_mbed_ns_tls_lib_cc13x2x7_tirtos7.a : x509_crt.o (.text.mbedtls_x509_crt_parse)
                  00023ccc    000000ec                                                   : rpl_upward.o (.text.rpl_instance_choose_worst_neighbour)
                  00023db8    000000e8     maclib_secure_cc13x2x7_tirtos7.a : fh_ie_patch.o (.text.FHIE_parseHie)
                  00023ea0    000000e8                                      : fh_nt.o (.text.FHNT_getRemoveEntryFromTemp)
                  00023f88    000000e8     wisun_coap_mbed_ns_tls_lib_cc13x2x7_tirtos7.a : cipher.o (.text.mbedtls_cipher_auth_decrypt)
                  00024070    000000e8     ns_trace.o (.text.ns_trace_vprintf)
                  00024158    000000e8     ti_sysbios_config.o (.text.ti_sysbios_knl_Semaphore_pend)
                  00024240    000000e8     wisun_coap_mbed_ns_tls_lib_cc13x2x7_tirtos7.a : ws_pae_controller.o (.text.ws_pae_controller_frame_counter_read)
                  00024328    000000e6                                                   : ctr_drbg.o (.text.mbedtls_ctr_drbg_random_with_add)
                  0002440e    000000e6                                                   : gcm.o (.text.mbedtls_gcm_update)
                  000244f4    000000e6     sn_coap_protocol.o (.text.sn_coap_protocol_parse)
                  000245da    00000002     ti_drivers_config.o (.text.rfDriverCallback)
                  000245dc    000000e4     maclib_secure_cc13x2x7_tirtos7.a : fh_nt.o (.text.FHNT_getEntry)
                  000246c0    000000e4                                      : mac_hl_patch.o (.text.MAC_InitFH)
                  000247a4    000000e4     driverlib.lib : setup.o (.text.NOROM_SetupTrimDevice)
                  00024888    000000e4     application.o (.text.coap_recv_pump_cb)
                  0002496c    000000e4     wisun_coap_mbed_ns_tls_lib_cc13x2x7_tirtos7.a : ipv6_routing_table.o (.text.ipv6_destination_lookup_or_create)
                  00024a50    000000e4                                                   : ecp.o (.text.mbedtls_ecp_point_read_binary)
                  00024b34    000000e4                                                   : ecp.o (.text.mbedtls_ecp_point_write_binary)
                  00024c18    000000e4                                                   : ssl_tls.o (.text.mbedtls_ssl_derive_keys)
                  00024cfc    000000e4     arm_hal_fhss_timer.o (.text.platform_fhss_timer_start)
                  00024de0    000000e4     ti_drivers_config.o (.text.rfDriverCallbackAntennaSwitching)
                  00024ec4    000000e4     coap_connection_handler.o (.text.secure_session_create)
                  00024fa8    000000e4     api_mac.o (.text.timac_initialize)
                  0002508c    000000e4     wisun_coap_mbed_ns_tls_lib_cc13x2x7_tirtos7.a : ws_pae_nvm_data.o (.text.ws_pae_nvm_store_nw_info_tlv_create)
                  00025170    000000e2     maclib_secure_cc13x2x7_tirtos7.a : fh_ie.o (.text.FHIE_genCommonInformation)
                  00025252    000000e2     wisun_coap_mbed_ns_tls_lib_cc13x2x7_tirtos7.a : poly1305.o (.text.mbedtls_poly1305_finish)
                  00025334    000000de                                                   : bignum.o (.text.mbedtls_mpi_mul_mpi)
                  00025412    000000de                                                   : sha1.o (.text.mbedtls_sha1_finish_ret)
                  000254f0    000000de                                                   : rpl_downward.o (.text.rpl_instance_parent_address_reg_timer_update)
                  000255ce    00000002                                                   : rpl_downward.o (.text.rpl_downward_neighbour_gone)
                  000255d0    000000dc     rf_multiMode_cc13x2.a : RFCC26X2_multiMode.c.cc13x2.ticlang.o (.text.RF_control)
                  000256ac    000000dc     wisun_coap_mbed_ns_tls_lib_cc13x2x7_tirtos7.a : ipv6_routing_table.o (.text.ipv6_neighbour_cache_slow_timer)
                  00025788    000000dc                                                   : ssl_tls.o (.text.mbedtls_ssl_write_certificate)
                  00025864    000000dc                                                   : mld.o (.text.mld_query_handler)
                  00025940    000000dc     ti_sysbios_config.o (.text.pthread_create)
                  00025a1c    000000dc     ti_sysbios_config.o (.text.ti_sysbios_family_arm_m3_Hwi_excFillContext)
                  00025af8    000000dc     wisun_coap_mbed_ns_tls_lib_cc13x2x7_tirtos7.a : ws_pae_controller.o (.text.ws_pae_controller_frame_counter_store)
                  00025bd4    000000d8                                                   : dhcp_service_api.o (.text.dhcp_service_delete)
                  00025cac    000000d8                                                   : adaptation_interface.o (.text.lowpan_adaptation_high_priority_state_enable)
                  00025d84    000000d8                                                   : cipher.o (.text.mbedtls_cipher_finish)
                  00025e5c    000000d8     libc.a : setvbuf.c.obj (.text.setvbuf)
                  00025f34    000000d8     maclib_secure_cc13x2x7_tirtos7.a : mac_tx.o (.text.txCsmaDelay)
                  0002600c    000000d4                                      : mac_hl_patch.o (.text.MAC_McpsDataAlloc)
                  000260e0    000000d4     wisun_coap_mbed_ns_tls_lib_cc13x2x7_tirtos7.a : cipher.o (.text.mbedtls_cipher_auth_encrypt)
                  000261b4    000000d4                                                   : nd_router_object.o (.text.nd_update_registration)
                  00026288    000000d4                                                   : rpl_control.o (.text.rpl_control_etx_change_callback)
                  0002635c    000000d4                                                   : rpl_control.o (.text.rpl_control_slow_timer)
                  00026430    000000d4                                                   : rpl_upward.o (.text.rpl_instance_purge)
                  00026504    000000d4                                                   : ws_bootstrap.o (.text.ws_bootstrap_fhss_activate)
                  000265d8    000000d4                                                   : ws_bootstrap.o (.text.ws_bootstrap_set_rf_config)
                  000266ac    000000d4                                                   : ws_common.o (.text.ws_common_allocate_and_init)
                  00026780    000000d0     drivers_cc13x2x7.a : PowerCC26X2.c.obj (.text.configureXOSCHF)
                  00026850    000000d0     wisun_coap_mbed_ns_tls_lib_cc13x2x7_tirtos7.a : ecp.o (.text.ecp_randomize_jac)
                  00026920    000000d0                                                   : ipv6_routing_table.o (.text.ipv6_route_print)
                  000269f0    000000d0     maclib_secure_cc13x2x7_tirtos7.a : mac_main.o (.text.macSendDataMsg)
                  00026ac0    000000d0     wisun_coap_mbed_ns_tls_lib_cc13x2x7_tirtos7.a : ns_socket.o (.text.socket_create)
                  00026b90    000000d0                                                   : nist_kw.o (.text.unwrap)
                  00026c60    000000ce                                                   : ws_bootstrap.o (.text.ws_bootstrap_primary_parent_set)
                  00026d2e    00000002                                                   : supp_fwh_sec_prot.o (.text.supp_fwh_sec_prot_delete)
                  00026d30    000000cc                                                   : dhcpv6_client_service.o (.text.dhcp_client_init)
                  00026dfc    000000cc                                                   : libDHCPv6.o (.text.libdhcpv6_get_IA_address)
                  00026ec8    000000cc                                                   : adaptation_interface.o (.text.lowpan_adaptation_data_process_tx_preprocess)
                  00026f94    000000cc     maclib_secure_cc13x2x7_tirtos7.a : mac_hl_patch.o (.text.macIncomingFrameSecurity)
                  00027060    000000cc     ti_sysbios_config.o (.text.ti_sysbios_knl_Clock_workFuncDynamic)
                  0002712c    000000cc     wisun_coap_mbed_ns_tls_lib_cc13x2x7_tirtos7.a : ws_cfg_settings.o (.text.ws_cfg_phy_set)
                  000271f8    000000ca     rf_multiMode_cc13x2.a : RFCC26X2_multiMode.c.cc13x2.ticlang.o (.text.RF_updatePaConfiguration)
                  000272c2    00000002     wisun_coap_mbed_ns_tls_lib_cc13x2x7_tirtos7.a : supp_gkh_sec_prot.o (.text.supp_gkh_sec_prot_delete)
                  000272c4    000000c8                                                   : ns_address_internal.o (.text.address_module_init)
                  0002738c    000000c8                                                   : ssl_tls.o (.text.mbedtls_ssl_psk_derive_premaster)
                  00027454    000000c8                                                   : rpl_control.o (.text.rpl_control_transmit)
                  0002751c    000000c8                                                   : rpl_upward.o (.text.rpl_dodag_update_dio_route)
                  000275e4    000000c8                                                   : rpl_upward.o (.text.rpl_upward_print_neighbour)
                  000276ac    000000c8                                                   : ws_bootstrap.o (.text.ws_bootstrap_set_domain_rf_config)
                  00027774    000000c8                                                   : ws_bootstrap.o (.text.ws_bootstrap_state_machine)
                  0002783c    000000c8                                                   : ws_pae_controller.o (.text.ws_pae_controller_data_init)
                  00027904    000000c6                                                   : chachapoly.o (.text.mbedtls_chachapoly_finish)
                  000279ca    00000002     ti_sysbios_config.o (.text.ti_sysbios_runtime_System_exitSpin)
                  000279cc    000000c4     wisun_coap_mbed_ns_tls_lib_cc13x2x7_tirtos7.a : etx.o (.text.etx_calculation)
                  00027a90    000000c4                                                   : ipv6_routing_table.o (.text.ipv6_neighbour_lookup_or_create)
                  00027b54    000000c4                                                   : adaptation_interface.o (.text.lowpan_adaptation_free_messages_from_queues_by_address)
                  00027c18    000000c4     maclib_secure_cc13x2x7_tirtos7.a : mac_hl_patch.o (.text.macOutgoingFrameSecurity)
                  00027cdc    000000c4     wisun_coap_mbed_ns_tls_lib_cc13x2x7_tirtos7.a : ecp.o (.text.mbedtls_ecp_check_pub_priv)
                  00027da0    000000c4                                                   : pkparse.o (.text.mbedtls_pk_parse_subpubkey)
                  00027e64    000000c4                                                   : pkparse.o (.text.pk_parse_key_pkcs8_unencrypted_der)
                  00027f28    000000c4                                                   : ws_common.o (.text.ws_common_allow_child_registration)
                  00027fec    000000c2                                                   : ns_address_internal.o (.text.addr_add)
                  000280ae    000000c0     maclib_secure_cc13x2x7_tirtos7.a : fh_ie.o (.text.FHIE_genExcludedChannelRanges)
                  0002816e    00000002     wisun_coap_mbed_ns_tls_lib_cc13x2x7_tirtos7.a : ipv6_routing_table.o (.text.trace_debug_print)
                  00028170    000000c0     maclib_secure_cc13x2x7_tirtos7.a : fh_nt.o (.text.FHNT_AddDeviceCB)
                  00028230    000000c0     driverlib.lib : setup.o (.text.TrimAfterColdResetWakeupFromShutDown)
                  000282f0    000000c0     maclib_secure_cc13x2x7_tirtos7.a : mac_tx.o (.text.macTxChannelBusyCallback)
                  000283b0    000000c0                                      : mac_tx.o (.text.macTxRequestCsmaDelay)
                  00028470    000000c0     wisun_coap_mbed_ns_tls_lib_cc13x2x7_tirtos7.a : ns_socket.o (.text.socket_up)
                  00028530    000000be     maclib_secure_cc13x2x7_tirtos7.a : fh_ie_patch.o (.text.FHIE_genPie)
                  000285ee    000000be     wisun_coap_mbed_ns_tls_lib_cc13x2x7_tirtos7.a : bignum.o (.text.mbedtls_mpi_add_abs)
                  000286ac    000000be                                                   : rpl_control.o (.text.rpl_control_transmit_dao)
                  0002876a    000000be                                                   : rpl_downward.o (.text.rpl_downward_convert_dodag_preferences_to_dao_path_control)
                  00028828    000000be                                                   : ws_bootstrap.o (.text.ws_bootstrap_address_notification_cb)
[...]
0004d070  __c_args__                                                      
0004d46c  __TI_Handler_Table_Base                                         
0004d478  __TI_Handler_Table_Limit                                        
0004d4a0  __TI_CINIT_Base                                                 
0004d4d0  __TI_CINIT_Limit                                                
0004d4d0  __TI_CINIT_Warm                                                 
000ae001  mbedtls_internal_sha1_process                                   
000aef79  mbedtls_ssl_handshake_server_step                               
000afcff  BIOS_nullFunc                                                   
000affa8  __ccfg                                                          
20000000  macSecurityPib                                                  
20000b48  ti_sysbios_knl_Idle_taskStack                                   
20000d48  taskTbl                                                         
20000eb0  nbr_nodes_metrics                                               
20000ff0  _CIOBUF_                                                        
20000ff0  __CIOBUF_                                                       
20001228  trngCC26XXObjects                                               
20001430  ns_buf                                                          
20001530  enhancedAckBuf                                                  
20001704  ti_sysbios_family_arm_m3_Hwi_dispatchTable                      
200017dc  RF_cmdPropRadioDivSetup                                         
2000bc44  ws_cfg                                                          
2000bcf4  __TI_tmpnams                                                    
2000bd94  FHPIB_db                                                        
2000be20  FH_hnd                                                          
2000bea8  macPib                                                          
2000bf30  gpioCallbackFunctions                                           
2000bfac  gpioUserArgs                                                    
2000c028  FHNT_tableOpt                                                   
2000c0a2  FHNT_Dbg                                                        
2000c110  ti_sysbios_knl_ClockSupport_timerStruct                         
2000c284  ti_sysbios_knl_Idle_taskStruct                                  
2000c2dc  CryptoResourceCC26XX_accessSemaphore                            
2000c32c  CryptoResourceCC26XX_operationSemaphore                         
2000c404  FHFSM_Dbg                                                       
2000c4c4  protocol_timer                                                  
2000c500  FHNT_hnd                                                        
2000c538  aescbcCC26XXObjects                                             
2000c570  RF_cmdPropRxAdv                                                 
2000c5a0  macMgmtAction1                                                  
2000c5d0  ti_sysbios_knl_Swi_readyQs                                      
2000c600  ti_sysbios_knl_Task_readyQs                                     
2000c630  NVOCMP_nvHandle                                                 
2000c660  macDevice                                                       
2000c68c  macEdfeInfo                                                     
2000c6b8  aesecbCC26XXObjects                                             
2000c6e0  macEdfeDbg                                                      
2000c708  RF_cmdPropTxAdv                                                 
2000c728  RF_params                                                       
2000c79c  BIOS_heapCallbackObject                                         
2000c7b8  BIOS_rtsGate                                                    
2000c7d4  CryptoResourceCC26XX_hwi                                        
2000c7f0  RF_cmdPropCs                                                    
2000c80c  RF_cmdPropCsSlotted                                             
2000c828  event_thread_sem_handle                                         
2000c844  macReset                                                        
2000c860  macSemHandle                                                    
2000c87c  ns_event_mutex_handle                                           
2000c8b0  RF_cmdFsRx                                                      
2000c8c8  RF_cmdFsTx                                                      
2000c8e0  aesccmCC26XXObjects                                             
2000c924  macAckDbg                                                       
2000c938  macDeviceAction4                                                
2000c94c  macMgmtAction2                                                  
2000c960  ti_sysbios_hal_Seconds_Module_state                             
2000c974  macData                                                         
2000c984  macFrmFilter                                                    
2000c994  root_unicast_addr                                               
2000c9a4  macMain                                                         
2000c9b0  macRxOutputSubG                                                 
2000c9d8  FHNT_tempTable                                                  
2000c9e0  macRxDataEntryQueue                                             
2000c9e8  parmbuf                                                         
2000c9f0  ti_sysbios_runtime_System_atexitHandlers                        
2000ca18  AESCCM_handle                                                   
2000ca1c  HEAPMGR_SIZE                                                    
2000ca20  PowerCC26XX_swiKey                                              
2000ca24  PowerCC26XX_taskKey                                             
2000ca28  event_mutex_owner_id                                            
2000ca2c  event_thread_id                                                 
2000ca30  global_rpl_instance                                             
2000ca34  key                                                             
2000ca38  macCryptoDrvTblPtr                                              
2000ca3c  macDeviceAction3                                                
2000ca40  macPhyTxPower                                                   
2000ca44  macPrevPeriodRatCount                                           
2000ca48  macRfDrvTblPtr                                                  
2000ca4c  macRxSymbol                                                     
2000ca50  macSymbolTimerRollover                                          
2000ca54  macSymbolTimerTrigger                                           
2000ca58  macThread                                                       
2000ca5c  macTimerActive                                                  
2000ca60  macTxTimestamp                                                  
2000ca64  pMacRadioConfig                                                 
2000ca68  pMaxPower                                                       
2000ca6c  pRfMode                                                         
2000ca70  pRfPowerTable                                                   
2000ca74  pRxBuf                                                          
2000ca78  protocol_6lowpan_rpl_domain                                     
2000ca7c  protocol_core_buffers_in_event_queue                            
2000ca80  protocol_core_monotonic_time                                    
2000ca84  rpl_alloc_total                                                 
2000ca88  rxRadioBufferPtr                                                
2000ca8c  ti_sysbios_knl_Task_defaultStackHeap                            
2000ca92  FHPIB_db_new                                                    
2000ca94  macRxDataEntryOffset                                            
2000ca96  macTxCsmaBackoffDelay                                           
2000ca98  rxCmdHandle                                                     
2000ca9a  txCmdHandle                                                     
2000caa3  AppTaskId                                                       
2000caa4  NVOCMP_size                                                     
2000caa5  cur_num_nbrs                                                    
2000caa6  gAction                                                         
2000caa7  macPanCoordinator                                               
2000caa8  macPhyChannel                                                   
2000caa9  macPwr                                                          
2000caaa  macRxActive                                                     
2000caab  macRxEnableFlags                                                
2000caac  macRxFilter                                                     
2000caad  macRxOutgoingAckFlag                                            
2000caae  macSpecUsecsPerSymbol                                           
2000caaf  macSymbolTimerImpending                                         
2000cab0  macTaskId                                                       
2000cab1  macTxActive                                                     
2000cab2  macTxBe                                                         
2000cab3  macTxType                                                       
2000cab4  macUnitBackoffPeriod                                            
2000cab5  nvsCC26XXObjects                                                
2000cab6  rxFhRsl                                                         
2000cab7  rxPromiscuousMode                                               
2000cab8  rxSeqNum                                                        
2000cab9  timacTaskId                                                     
2000caba  txAckReq                                                        
2000cabb  txChannel                                                       
2000cabc  txRetransmitFlag                                                
2000cabd  txSeqn                                                          
2000cb00  mac_eui_filter_list                                             
2000cd58  PowerCC26X2_module                                              
2000cecc  _ftable                                                         
2000d06c  macMRFSKGenPhyTable                                             
2000d10c  cfg_props                                                       
2000d188  gpioPinConfigs                                                  
2000d204  ncp_enabled                                                     
2000d208  pNV                                                             
2000d20c  macUser0Cfg                                                     
2000d220  Main_user1Cfg                                                   
2000d27c  _device                                                         
2000d2f4  fhObject                                                        
2000d3c8  BIOS_Module_state                                               
2000d3f4  ti_sysbios_family_arm_m3_Hwi_Module_state                       
2000d430  ti_sysbios_runtime_Startup_done                                 
2000d433  ti_sysbios_knl_Idle_initDone                                    
2000d434  ti_sysbios_runtime_Memory_defaultHeapInstance                   
2000d44c  ti_sysbios_runtime_Error_ignore                                 
2000d458  ti_sysbios_family_arm_cc26xx_Timer_Module_state                 
2000d464  ti_sysbios_runtime_System_Module_state                          
2000d470  ti_sysbios_knl_Swi_Module_state                                 
2000d498  ti_sysbios_knl_Clock_Module_state                               
2000d564  txPowerTable_868_pa13                                           
2000d620  pOverrides_2gfsk50kbps154g                                      
2000d678  _stream                                                         
2000d758  ti_sysbios_knl_Task_Module_state                                
2000d890  protocol_interface_info_list                                    
2000d8b4  macActionSet                                                    
2000d8d8  nd_params                                                       
2000d920  lastRatChanA                                                    
2000d921  lastRatChanB                                                    
2000d922  macRxCmdActive                                                  
2000d923  macFsCmdActive                                                  
2000d924  numRfCmd                                                        
2000d925  numRxCmd                                                        
2000d92c  lastPostCmd                                                     
2000d930  macSfdDetectCback                                               
2000d960  protocol_timer_id                                               
2000d961  protocol_tick_handle_busy                                       
2000d980  curr_tasklet                                                    
2000da04  coap_service_handle                                             
2000da14  taskCnt                                                         
2000da18  heapmgrMemFreeTotal                                             
2000da1c  heapmgrMemFreeError                                             
2000da28  panid_list_clear_timeout_sec                                    
2000da2a  panid_list_clear_timeout_counter                                
2000da2c  panid_allow_list                                                
2000da32  panid_deny_list                                                 
2000da3c  statistics_started                                              
2000da40  statistics                                                      
2000da64  fhss_functions                                                  
2000da78  FH_ChanPlan                                                     
2000da7c  pMacCbackQueryRetransmit                                        
2000da80  pMacCbackCheckPending                                           
2000dac8  RF_prop_2gfsk50kbps154g                                         
2000dad8  _hposcCoeffs                                                    
2000dae8  macCfg                                                          
2000db07  DEVICE_MIN_SENS                                                 
2000db20  global_adaptation_intf_ptr                                      
2000db74  FHIE_channelPlan                                                
2000db80  FH_FSM                                                          
2000dbac  connectedFlg                                                    
2000dbad  interface_id                                                    
2000dbae  service_id                                                      
2000dbaf  num_cars_plugged_in                                             
2000dbb4  __TI_cleanup_ptr                                                
2000dbb8  __TI_dtors_ptr                                                  
2000dbc0  RF_handle                                                       
2000dbd8  dhcp_service                                                    
2000dbe4  FH_txTiming                                                     
2000dbec  RFCC26XX_schedulerPolicy                                        
2000dc54  __TI_ft_end                                                     
2000dc68  pae_controller_config                                           
2000dc90  socket_list                                                     
2000dca0  ti_sysbios_gates_GateMutexPri_Module_state                      
2000dca8  ti_sysbios_heaps_HeapCallback_Module_state                      
2000dcb0  ti_sysbios_knl_Semaphore_Module_state                           
2000dcbd  macRadioAckFrame                                                
2000dcc4  __aeabi_errno                                                   
2000dcc8  _lock                                                           
2000dccc  _unlock                                                         
2000dcd0  addr_preferences_default                                        
2000dcd8  buffer_count                                                    
2000dce4  global_pae_supp                                                 
2000dce8  macAddrSize                                                     
2000dcec  macCsmaRtcTimerId                                               
2000dcf0  macDataCheckSched                                               
2000dcf4  macDataRequeueIndirect                                          
2000dcf8  macDataSetSched                                                 
2000dcfc  macDataTxIndirect                                               
2000dd00  macStateTbl                                                     
2000dd0c  macTimerNewRollover                                             
2000dd10  macTimerRollover                                                
2000dd20  nw_size_external_cfg                                            
2000dd24  nwk_stats_ptr                                                   
2000dd2c  pMacDataTx                                                      
2000dd30  pMacEnhancedAck                                                 
2000dd46  test_6lowpan_fragmentation_mtu_size_override                    
2000dd48  test_max_child_count_override                                   
2000dd4b  bInSwi                                                          
2000dd4d  csmPhy                                                          
2000dd4e  filterMode                                                      
2000dd50  ipv6_flow_auto_label                                            
2000dd59  macRadioYielded                                                 
2000dd5a  macTxCmdActive                                                  
2000dd5e  mld_querier                                                     
2000dd5f  nodeStarted                                                     
2000dd61  numRxPostCmd                                                    
2000dd63  power_save_state                                                
2000dd64  rpl_better_parent_count                                         
2000dd6a  sent_dao                                                        
2000dd6c  timac_event_handler                                             
2000de00  ti_sysbios_family_arm_m3_Hwi_ramVectors                         
2000ded8  heapStart                                                       
200239c0  __stack                                                         
200239c0  heapEnd                                                         
20024000  __STACK_END                                                     
20024000  __STACK_TOP                                                     
ffffffff  __TI_pprof_out_hndl                                             
ffffffff  __TI_prof_data_size                                             
ffffffff  __TI_prof_data_start                                            
ffffffff  __binit__                                                       
ffffffff  __start___llvm_prf_bits                                         
ffffffff  __start___llvm_prf_cnts                                         
ffffffff  __stop___llvm_prf_bits                                          
ffffffff  __stop___llvm_prf_cnts                                          
ffffffff  binit                                                           
UNDEFED   ITM_flush                                                       
UNDEFED   ITM_restore                                                     
UNDEFED   __mpu_init                                                      

[2793 symbols]
